01:57:55 **** Build of project Top_Level_Design_App_bsp ****
make -k all 
"Running Make include in microblaze_0/libsrc/Accelerometer_v1_0/src"
make -C microblaze_0/libsrc/Accelerometer_v1_0/src -s include  "SHELL=CMD" "COMPILER=mb-gcc" "ARCHIVER=mb-ar" "COMPILER_FLAGS= -O2 -c -mcpu=v9.6 -mlittle-endian -mxl-soft-mul" "EXTRA_COMPILER_FLAGS=-g"
"Running Make include in microblaze_0/libsrc/bram_v4_1/src"
make -C microblaze_0/libsrc/bram_v4_1/src -s include  "SHELL=CMD" "COMPILER=mb-gcc" "ARCHIVER=mb-ar" "COMPILER_FLAGS= -O2 -c -mcpu=v9.6 -mlittle-endian -mxl-soft-mul" "EXTRA_COMPILER_FLAGS=-g"
"Running Make include in microblaze_0/libsrc/cpu_v2_5/src"
make -C microblaze_0/libsrc/cpu_v2_5/src -s include  "SHELL=CMD" "COMPILER=mb-gcc" "ARCHIVER=mb-ar" "COMPILER_FLAGS= -O2 -c -mcpu=v9.6 -mlittle-endian -mxl-soft-mul" "EXTRA_COMPILER_FLAGS=-g"
"Running Make include in microblaze_0/libsrc/intc_v3_5/src"
make -C microblaze_0/libsrc/intc_v3_5/src -s include  "SHELL=CMD" "COMPILER=mb-gcc" "ARCHIVER=mb-ar" "COMPILER_FLAGS= -O2 -c -mcpu=v9.6 -mlittle-endian -mxl-soft-mul" "EXTRA_COMPILER_FLAGS=-g"
"Running Make include in microblaze_0/libsrc/OV7670_VGA_v1_0/src"
make -C microblaze_0/libsrc/OV7670_VGA_v1_0/src -s include  "SHELL=CMD" "COMPILER=mb-gcc" "ARCHIVER=mb-ar" "COMPILER_FLAGS= -O2 -c -mcpu=v9.6 -mlittle-endian -mxl-soft-mul" "EXTRA_COMPILER_FLAGS=-g"
"Running Make include in microblaze_0/libsrc/Robot_Controller_v1_0/src"
make -C microblaze_0/libsrc/Robot_Controller_v1_0/src -s include  "SHELL=CMD" "COMPILER=mb-gcc" "ARCHIVER=mb-ar" "COMPILER_FLAGS= -O2 -c -mcpu=v9.6 -mlittle-endian -mxl-soft-mul" "EXTRA_COMPILER_FLAGS=-g"
"Running Make include in microblaze_0/libsrc/standalone_v5_5/src"
make -C microblaze_0/libsrc/standalone_v5_5/src -s include  "SHELL=CMD" "COMPILER=mb-gcc" "ARCHIVER=mb-ar" "COMPILER_FLAGS= -O2 -c -mcpu=v9.6 -mlittle-endian -mxl-soft-mul" "EXTRA_COMPILER_FLAGS=-g"
"Running Make include in microblaze_0/libsrc/Temp_Sensor_v1_0/src"
make -C microblaze_0/libsrc/Temp_Sensor_v1_0/src -s include  "SHELL=CMD" "COMPILER=mb-gcc" "ARCHIVER=mb-ar" "COMPILER_FLAGS= -O2 -c -mcpu=v9.6 -mlittle-endian -mxl-soft-mul" "EXTRA_COMPILER_FLAGS=-g"
"Running Make include in microblaze_0/libsrc/uartlite_v3_2/src"
make -C microblaze_0/libsrc/uartlite_v3_2/src -s include  "SHELL=CMD" "COMPILER=mb-gcc" "ARCHIVER=mb-ar" "COMPILER_FLAGS= -O2 -c -mcpu=v9.6 -mlittle-endian -mxl-soft-mul" "EXTRA_COMPILER_FLAGS=-g"
"Running Make include in microblaze_0/libsrc/XADC_v1_0/src"
make -C microblaze_0/libsrc/XADC_v1_0/src -s include  "SHELL=CMD" "COMPILER=mb-gcc" "ARCHIVER=mb-ar" "COMPILER_FLAGS= -O2 -c -mcpu=v9.6 -mlittle-endian -mxl-soft-mul" "EXTRA_COMPILER_FLAGS=-g"
"Running Make libs in microblaze_0/libsrc/Accelerometer_v1_0/src"
make -C microblaze_0/libsrc/Accelerometer_v1_0/src -s libs  "SHELL=CMD" "COMPILER=mb-gcc" "ARCHIVER=mb-ar" "COMPILER_FLAGS= -O2 -c -mcpu=v9.6 -mlittle-endian -mxl-soft-mul" "EXTRA_COMPILER_FLAGS=-g"
"Compiling Accelerometer..."
mb-ar: creating ../../../lib/libxil.a
"Running Make libs in microblaze_0/libsrc/bram_v4_1/src"
make -C microblaze_0/libsrc/bram_v4_1/src -s libs  "SHELL=CMD" "COMPILER=mb-gcc" "ARCHIVER=mb-ar" "COMPILER_FLAGS= -O2 -c -mcpu=v9.6 -mlittle-endian -mxl-soft-mul" "EXTRA_COMPILER_FLAGS=-g"
"Compiling bram"
"Running Make libs in microblaze_0/libsrc/cpu_v2_5/src"
make -C microblaze_0/libsrc/cpu_v2_5/src -s libs  "SHELL=CMD" "COMPILER=mb-gcc" "ARCHIVER=mb-ar" "COMPILER_FLAGS= -O2 -c -mcpu=v9.6 -mlittle-endian -mxl-soft-mul" "EXTRA_COMPILER_FLAGS=-g"
"Compiling cpu"
"Running Make libs in microblaze_0/libsrc/intc_v3_5/src"
make -C microblaze_0/libsrc/intc_v3_5/src -s libs  "SHELL=CMD" "COMPILER=mb-gcc" "ARCHIVER=mb-ar" "COMPILER_FLAGS= -O2 -c -mcpu=v9.6 -mlittle-endian -mxl-soft-mul" "EXTRA_COMPILER_FLAGS=-g"
"Compiling intc"
"Running Make libs in microblaze_0/libsrc/OV7670_VGA_v1_0/src"
make -C microblaze_0/libsrc/OV7670_VGA_v1_0/src -s libs  "SHELL=CMD" "COMPILER=mb-gcc" "ARCHIVER=mb-ar" "COMPILER_FLAGS= -O2 -c -mcpu=v9.6 -mlittle-endian -mxl-soft-mul" "EXTRA_COMPILER_FLAGS=-g"
"Compiling OV7670_VGA..."
"Running Make libs in microblaze_0/libsrc/Robot_Controller_v1_0/src"
make -C microblaze_0/libsrc/Robot_Controller_v1_0/src -s libs  "SHELL=CMD" "COMPILER=mb-gcc" "ARCHIVER=mb-ar" "COMPILER_FLAGS= -O2 -c -mcpu=v9.6 -mlittle-endian -mxl-soft-mul" "EXTRA_COMPILER_FLAGS=-g"
"Compiling Robot_Controller..."
"Running Make libs in microblaze_0/libsrc/standalone_v5_5/src"
make -C microblaze_0/libsrc/standalone_v5_5/src -s libs  "SHELL=CMD" "COMPILER=mb-gcc" "ARCHIVER=mb-ar" "COMPILER_FLAGS= -O2 -c -mcpu=v9.6 -mlittle-endian -mxl-soft-mul" "EXTRA_COMPILER_FLAGS=-g"
"Compiling standalone";
"Running Make libs in microblaze_0/libsrc/Temp_Sensor_v1_0/src"
make -C microblaze_0/libsrc/Temp_Sensor_v1_0/src -s libs  "SHELL=CMD" "COMPILER=mb-gcc" "ARCHIVER=mb-ar" "COMPILER_FLAGS= -O2 -c -mcpu=v9.6 -mlittle-endian -mxl-soft-mul" "EXTRA_COMPILER_FLAGS=-g"
"Compiling Temp_Sensor..."
"Running Make libs in microblaze_0/libsrc/uartlite_v3_2/src"
make -C microblaze_0/libsrc/uartlite_v3_2/src -s libs  "SHELL=CMD" "COMPILER=mb-gcc" "ARCHIVER=mb-ar" "COMPILER_FLAGS= -O2 -c -mcpu=v9.6 -mlittle-endian -mxl-soft-mul" "EXTRA_COMPILER_FLAGS=-g"
"Compiling uartlite"
"Running Make libs in microblaze_0/libsrc/XADC_v1_0/src"
make -C microblaze_0/libsrc/XADC_v1_0/src -s libs  "SHELL=CMD" "COMPILER=mb-gcc" "ARCHIVER=mb-ar" "COMPILER_FLAGS= -O2 -c -mcpu=v9.6 -mlittle-endian -mxl-soft-mul" "EXTRA_COMPILER_FLAGS=-g"
"Compiling XADC..."
'Finished building libraries'
01:58:30 **** Build of configuration Debug for project Top_Level_Design_App ****
make all 
'Building file: ../src/testperiph.c'
'Invoking: MicroBlaze gcc compiler'
mb-gcc -Wall -O0 -g3 -c -fmessage-length=0 -MT"src/testperiph.o" -I../../Top_Level_Design_App_bsp/microblaze_0/include -mlittle-endian -mcpu=v9.6 -mxl-soft-mul -Wl,--no-relax -MMD -MP -MF"src/testperiph.d" -MT"src/testperiph.o" -o "src/testperiph.o" "../src/testperiph.c"
'Finished building: ../src/testperiph.c'
' '
'Building file: ../src/xintc_tapp_example.c'
'Invoking: MicroBlaze gcc compiler'
mb-gcc -Wall -O0 -g3 -c -fmessage-length=0 -MT"src/xintc_tapp_example.o" -I../../Top_Level_Design_App_bsp/microblaze_0/include -mlittle-endian -mcpu=v9.6 -mxl-soft-mul -Wl,--no-relax -MMD -MP -MF"src/xintc_tapp_example.d" -MT"src/xintc_tapp_example.o" -o "src/xintc_tapp_example.o" "../src/xintc_tapp_example.c"
'Finished building: ../src/xintc_tapp_example.c'
' '
'Building file: ../src/xuartlite_intr_tapp_example.c'
'Invoking: MicroBlaze gcc compiler'
mb-gcc -Wall -O0 -g3 -c -fmessage-length=0 -MT"src/xuartlite_intr_tapp_example.o" -I../../Top_Level_Design_App_bsp/microblaze_0/include -mlittle-endian -mcpu=v9.6 -mxl-soft-mul -Wl,--no-relax -MMD -MP -MF"src/xuartlite_intr_tapp_example.d" -MT"src/xuartlite_intr_tapp_example.o" -o "src/xuartlite_intr_tapp_example.o" "../src/xuartlite_intr_tapp_example.c"
'Finished building: ../src/xuartlite_intr_tapp_example.c'
' '
'Building file: ../src/xuartlite_selftest_example.c'
'Invoking: MicroBlaze gcc compiler'
mb-gcc -Wall -O0 -g3 -c -fmessage-length=0 -MT"src/xuartlite_selftest_example.o" -I../../Top_Level_Design_App_bsp/microblaze_0/include -mlittle-endian -mcpu=v9.6 -mxl-soft-mul -Wl,--no-relax -MMD -MP -MF"src/xuartlite_selftest_example.d" -MT"src/xuartlite_selftest_example.o" -o "src/xuartlite_selftest_example.o" "../src/xuartlite_selftest_example.c"
'Finished building: ../src/xuartlite_selftest_example.c'
' '
'Building target: Top_Level_Design_App.elf'
'Invoking: MicroBlaze gcc linker'
mb-gcc -Wl,-T -Wl,../src/lscript.ld -L../../Top_Level_Design_App_bsp/microblaze_0/lib -mlittle-endian -mcpu=v9.6 -mxl-soft-mul -Wl,--no-relax -o "Top_Level_Design_App.elf"  ./src/testperiph.o ./src/xintc_tapp_example.o ./src/xuartlite_intr_tapp_example.o ./src/xuartlite_selftest_example.o   -Wl,--start-group,-lxil,-lgcc,-lc,--end-group
'Finished building target: Top_Level_Design_App.elf'
' '
'Invoking: MicroBlaze Print Size'
mb-size Top_Level_Design_App.elf  |tee "Top_Level_Design_App.elf.size"
   text	   data	    bss	    dec	    hex	filename
  13160	    368	   3544	  17072	   42b0	Top_Level_Design_App.elf
'Finished building: Top_Level_Design_App.elf.size'
' '
01:58:46 **** Auto Build of configuration Debug for project Top_Level_Design_App ****
make all 
make: Nothing to be done for `all'.
01:59:08 **** Auto Build of configuration Debug for project Top_Level_Design_App ****
make all 
'Building file: ../src/testperiph.c'
'Invoking: MicroBlaze gcc compiler'
mb-gcc -Wall -O0 -g3 -c -fmessage-length=0 -MT"src/testperiph.o" -I../../Top_Level_Design_App_bsp/microblaze_0/include -mlittle-endian -mcpu=v9.6 -mxl-soft-mul -Wl,--no-relax -MMD -MP -MF"src/testperiph.d" -MT"src/testperiph.o" -o "src/testperiph.o" "../src/testperiph.c"
../src/testperiph.c: In function 'main':
../src/testperiph.c:286:13: warning: unused variable 'avg_x' [-Wunused-variable]
    unsigned avg_x = *(OV7670_VGA_Addr + 1);
             ^
'Finished building: ../src/testperiph.c'
' '
'Building target: Top_Level_Design_App.elf'
'Invoking: MicroBlaze gcc linker'
mb-gcc -Wl,-T -Wl,../src/lscript.ld -L../../Top_Level_Design_App_bsp/microblaze_0/lib -mlittle-endian -mcpu=v9.6 -mxl-soft-mul -Wl,--no-relax -o "Top_Level_Design_App.elf"  ./src/testperiph.o ./src/xintc_tapp_example.o ./src/xuartlite_intr_tapp_example.o ./src/xuartlite_selftest_example.o   -Wl,--start-group,-lxil,-lgcc,-lc,--end-group
'Finished building target: Top_Level_Design_App.elf'
' '
'Invoking: MicroBlaze Print Size'
mb-size Top_Level_Design_App.elf  |tee "Top_Level_Design_App.elf.size"
   text	   data	    bss	    dec	    hex	filename
  21524	    404	   3456	  25384	   6328	Top_Level_Design_App.elf
'Finished building: Top_Level_Design_App.elf.size'
' '
02:00:07 **** Auto Build of configuration Debug for project Top_Level_Design_App ****
make all 
'Building file: ../src/testperiph.c'
'Invoking: MicroBlaze gcc compiler'
mb-gcc -Wall -O0 -g3 -c -fmessage-length=0 -MT"src/testperiph.o" -I../../Top_Level_Design_App_bsp/microblaze_0/include -mlittle-endian -mcpu=v9.6 -mxl-soft-mul -Wl,--no-relax -MMD -MP -MF"src/testperiph.d" -MT"src/testperiph.o" -o "src/testperiph.o" "../src/testperiph.c"
../src/testperiph.c: In function 'main':
../src/testperiph.c:286:13: warning: unused variable 'avg_x' [-Wunused-variable]
    unsigned avg_x = *(OV7670_VGA_Addr + 1);
             ^
'Finished building: ../src/testperiph.c'
' '
'Building target: Top_Level_Design_App.elf'
'Invoking: MicroBlaze gcc linker'
mb-gcc -Wl,-T -Wl,../src/lscript.ld -L../../Top_Level_Design_App_bsp/microblaze_0/lib -mlittle-endian -mcpu=v9.6 -mxl-soft-mul -Wl,--no-relax -o "Top_Level_Design_App.elf"  ./src/testperiph.o ./src/xintc_tapp_example.o ./src/xuartlite_intr_tapp_example.o ./src/xuartlite_selftest_example.o   -Wl,--start-group,-lxil,-lgcc,-lc,--end-group
'Finished building target: Top_Level_Design_App.elf'
' '
'Invoking: MicroBlaze Print Size'
mb-size Top_Level_Design_App.elf  |tee "Top_Level_Design_App.elf.size"
   text	   data	    bss	    dec	    hex	filename
  21524	    404	   3456	  25384	   6328	Top_Level_Design_App.elf
'Finished building: Top_Level_Design_App.elf.size'
' '
02:01:53 **** Clean-only build of configuration Debug for project Top_Level_Design_App ****
make clean 
rm -rf  ./src/testperiph.o ./src/xintc_tapp_example.o ./src/xuartlite_intr_tapp_example.o ./src/xuartlite_selftest_example.o  ./src/testperiph.d ./src/xintc_tapp_example.d ./src/xuartlite_intr_tapp_example.d ./src/xuartlite_selftest_example.d  Top_Level_Design_App.elf.size  Top_Level_Design_App.elf
' '
02:01:54 **** Auto Build of configuration Debug for project Top_Level_Design_App ****
make all 
'Building file: ../src/Top_Level_Design_main.c'
'Invoking: MicroBlaze gcc compiler'
mb-gcc -Wall -O0 -g3 -c -fmessage-length=0 -MT"src/Top_Level_Design_main.o" -I../../Top_Level_Design_App_bsp/microblaze_0/include -mlittle-endian -mcpu=v9.6 -mxl-soft-mul -Wl,--no-relax -MMD -MP -MF"src/Top_Level_Design_main.d" -MT"src/Top_Level_Design_main.o" -o "src/Top_Level_Design_main.o" "../src/Top_Level_Design_main.c"
../src/Top_Level_Design_main.c: In function 'main':
../src/Top_Level_Design_main.c:286:13: warning: unused variable 'avg_x' [-Wunused-variable]
    unsigned avg_x = *(OV7670_VGA_Addr + 1);
             ^
'Finished building: ../src/Top_Level_Design_main.c'
' '
'Building file: ../src/xintc_tapp_example.c'
'Invoking: MicroBlaze gcc compiler'
mb-gcc -Wall -O0 -g3 -c -fmessage-length=0 -MT"src/xintc_tapp_example.o" -I../../Top_Level_Design_App_bsp/microblaze_0/include -mlittle-endian -mcpu=v9.6 -mxl-soft-mul -Wl,--no-relax -MMD -MP -MF"src/xintc_tapp_example.d" -MT"src/xintc_tapp_example.o" -o "src/xintc_tapp_example.o" "../src/xintc_tapp_example.c"
'Finished building: ../src/xintc_tapp_example.c'
' '
'Building file: ../src/xuartlite_intr_tapp_example.c'
'Invoking: MicroBlaze gcc compiler'
mb-gcc -Wall -O0 -g3 -c -fmessage-length=0 -MT"src/xuartlite_intr_tapp_example.o" -I../../Top_Level_Design_App_bsp/microblaze_0/include -mlittle-endian -mcpu=v9.6 -mxl-soft-mul -Wl,--no-relax -MMD -MP -MF"src/xuartlite_intr_tapp_example.d" -MT"src/xuartlite_intr_tapp_example.o" -o "src/xuartlite_intr_tapp_example.o" "../src/xuartlite_intr_tapp_example.c"
'Finished building: ../src/xuartlite_intr_tapp_example.c'
' '
'Building file: ../src/xuartlite_selftest_example.c'
'Invoking: MicroBlaze gcc compiler'
mb-gcc -Wall -O0 -g3 -c -fmessage-length=0 -MT"src/xuartlite_selftest_example.o" -I../../Top_Level_Design_App_bsp/microblaze_0/include -mlittle-endian -mcpu=v9.6 -mxl-soft-mul -Wl,--no-relax -MMD -MP -MF"src/xuartlite_selftest_example.d" -MT"src/xuartlite_selftest_example.o" -o "src/xuartlite_selftest_example.o" "../src/xuartlite_selftest_example.c"
'Finished building: ../src/xuartlite_selftest_example.c'
' '
'Building target: Top_Level_Design_App.elf'
'Invoking: MicroBlaze gcc linker'
mb-gcc -Wl,-T -Wl,../src/lscript.ld -L../../Top_Level_Design_App_bsp/microblaze_0/lib -mlittle-endian -mcpu=v9.6 -mxl-soft-mul -Wl,--no-relax -o "Top_Level_Design_App.elf"  ./src/Top_Level_Design_main.o ./src/xintc_tapp_example.o ./src/xuartlite_intr_tapp_example.o ./src/xuartlite_selftest_example.o   -Wl,--start-group,-lxil,-lgcc,-lc,--end-group
'Finished building target: Top_Level_Design_App.elf'
' '
'Invoking: MicroBlaze Print Size'
mb-size Top_Level_Design_App.elf  |tee "Top_Level_Design_App.elf.size"
   text	   data	    bss	    dec	    hex	filename
  21524	    404	   3456	  25384	   6328	Top_Level_Design_App.elf
'Finished building: Top_Level_Design_App.elf.size'
' '
